// Jest Snapshot v1, https://goo.gl/fbAQLP

exports[`it should render CrudFull it should render CrudFull connected container 1`] = `
<CrudFull
  CustomButtons={[Function]}
  btnStyle={Object {}}
  changeModel={[Function]}
  createButtonTitle="Добавить"
  createDisabled={true}
  createModel={[Function]}
  deleteModel={[Function]}
  iconTheme="outline"
  iconsProvider={[Function]}
  onDeleteConfirmMessageFunc={[Function]}
  restoreModel={[Function]}
  rowSelection={null}
  setCrudActionsFunc={[Function]}
  setCrudParams={[Function]}
  setModelModalForm={[Function]}
  size="default"
  store={
    Object {
      "clearActions": [Function],
      "dispatch": [Function],
      "getActions": [Function],
      "getState": [Function],
      "replaceReducer": [Function],
      "subscribe": [Function],
    }
  }
  storeSubscription={
    Subscription {
      "listeners": Object {
        "clear": [Function],
        "get": [Function],
        "notify": [Function],
        "subscribe": [Function],
      },
      "onStateChange": [Function],
      "parentSub": undefined,
      "store": Object {
        "clearActions": [Function],
        "dispatch": [Function],
        "getActions": [Function],
        "getState": [Function],
        "replaceReducer": [Function],
        "subscribe": [Function],
      },
      "unsubscribe": [Function],
    }
  }
  submitShape={[Function]}
  tableProps={Object {}}
  tableStyle={Object {}}
  tableWrapper={null}
  toggleCreateModelModal={[Function]}
  updateShape={[Function]}
  uploadFilesSettings={null}
/>
`;
